.test-style{font-size:14px;padding-top:1px;padding-bottom:5px;padding-left:1px;}