.test-widget-default-1{color:red;}.test-style{font-size:16px;color:red;}.test-style{font-size:18px;color:blue;}