.elementor .test-style:hover{font-size:16px;color:red;}
.elementor .test-style:active{font-size:18px;color:blue;}