@media(max-width:767px){.test-style{color:red;}}
@media(max-width:1024px){.test-style{color:blue;}}