<tr><td>Count</td><td>2</td></tr><tr><td>Applied Classes</td><td>4</td></tr><tr><td>Applied Classes Per Element Type</td><td>heading: 2
column: 1
section: 1</td></tr>